// Jest Snapshot v1, https://goo.gl/fbAQLP

exports[`azurepipeline basic test process records from all streams 1`] = `
Array [
  "Processed 7 records",
  "Processed records by stream: {\\\\\\"mytestsource__azurepipeline__builds\\\\\\":4,\\\\\\"mytestsource__azurepipeline__pipelines\\\\\\":2,\\\\\\"mytestsource__azurepipeline__releases\\\\\\":1}\\"},\\"type\\":\\"LOG\\"}",
  "Would write 15 records",
  "Would write records by model: {\\\\\\"cicd_Build\\\\\\":4,\\\\\\"cicd_BuildCommitAssociation\\\\\\":1,\\\\\\"cicd_BuildStep\\\\\\":6,\\\\\\"cicd_Organization\\\\\\":1,\\\\\\"cicd_Pipeline\\\\\\":2,\\\\\\"cicd_Release\\\\\\":1}\\"},\\"type\\":\\"LOG\\"}",
  "Skipped 0 records",
  "Errored 0 records",
]
`;
