// Jest Snapshot v1, https://goo.gl/fbAQLP

exports[`harness basic test process records from all streams 1`] = `
Array [
  "Processed 2 records",
  "Processed records by stream: {\\\\\\"mytestsource__harness__executions\\\\\\":2}\\"},\\"type\\":\\"LOG\\"}",
  "Would write 5 records",
  "Would write records by model: {\\\\\\"cicd_Build\\\\\\":1,\\\\\\"cicd_Deployment\\\\\\":2,\\\\\\"compute_Application\\\\\\":2}\\"},\\"type\\":\\"LOG\\"}",
  "Skipped 0 records",
  "Errored 0 records",
]
`;
