// Jest Snapshot v1, https://goo.gl/fbAQLP

exports[`hygieia basic test process records from all streams 1`] = `
Array [
  "Processed 1 records",
  "Processed records by stream: {\\\\\\"mytestsource__hygieia__collector_items\\\\\\":1}\\"},\\"type\\":\\"LOG\\"}",
  "Would write 2 records",
  "Would write records by model: {\\\\\\"cicd_Organization\\\\\\":1,\\\\\\"cicd_Pipeline\\\\\\":1}\\"},\\"type\\":\\"LOG\\"}",
  "Skipped 0 records",
  "Errored 0 records",
]
`;
