// Jest Snapshot v1, https://goo.gl/fbAQLP

exports[`jira process records from all streams 1`] = `
Array [
  "Processed 175 records",
  "Processed records by stream: {\\\\\\"mytestsource__jira__board_issues\\\\\\":4,\\\\\\"mytestsource__jira__boards\\\\\\":1,\\\\\\"mytestsource__jira__epics\\\\\\":1,\\\\\\"mytestsource__jira__faros_board_issues\\\\\\":4,\\\\\\"mytestsource__jira__faros_boards\\\\\\":2,\\\\\\"mytestsource__jira__faros_issue_pull_requests\\\\\\":1,\\\\\\"mytestsource__jira__faros_project_version_issues\\\\\\":2,\\\\\\"mytestsource__jira__faros_project_versions\\\\\\":2,\\\\\\"mytestsource__jira__faros_projects\\\\\\":3,\\\\\\"mytestsource__jira__faros_sprint_reports\\\\\\":3,\\\\\\"mytestsource__jira__faros_sprints\\\\\\":1,\\\\\\"mytestsource__jira__faros_team_memberships\\\\\\":2,\\\\\\"mytestsource__jira__faros_teams\\\\\\":1,\\\\\\"mytestsource__jira__faros_users\\\\\\":3,\\\\\\"mytestsource__jira__issue_fields\\\\\\":74,\\\\\\"mytestsource__jira__issues\\\\\\":5,\\\\\\"mytestsource__jira__project_versions\\\\\\":3,\\\\\\"mytestsource__jira__projects\\\\\\":1,\\\\\\"mytestsource__jira__sprint_issues\\\\\\":15,\\\\\\"mytestsource__jira__sprints\\\\\\":10,\\\\\\"mytestsource__jira__users\\\\\\":29,\\\\\\"mytestsource__jira__workflow_statuses\\\\\\":8}\\"},\\"type\\":\\"LOG\\"}",
  "Would write 106 records",
  "Would write records by model: {\\\\\\"tms_Epic\\\\\\":1,\\\\\\"tms_Project\\\\\\":4,\\\\\\"tms_ProjectReleaseRelationship\\\\\\":5,\\\\\\"tms_Release\\\\\\":5,\\\\\\"tms_Sprint\\\\\\":11,\\\\\\"tms_SprintBoardRelationship\\\\\\":1,\\\\\\"tms_SprintHistory\\\\\\":12,\\\\\\"tms_Task\\\\\\":5,\\\\\\"tms_TaskAssignment\\\\\\":1,\\\\\\"tms_TaskBoard\\\\\\":3,\\\\\\"tms_TaskBoardProjectRelationship\\\\\\":3,\\\\\\"tms_TaskBoardRelationship\\\\\\":5,\\\\\\"tms_TaskDependency\\\\\\":1,\\\\\\"tms_TaskProjectRelationship\\\\\\":5,\\\\\\"tms_TaskPullRequestAssociation\\\\\\":1,\\\\\\"tms_TaskReleaseRelationship\\\\\\":2,\\\\\\"tms_TaskReleaseRelationship__Deletion\\\\\\":1,\\\\\\"tms_TaskReleaseRelationship__Upsert\\\\\\":3,\\\\\\"tms_TaskTag\\\\\\":2,\\\\\\"tms_Team\\\\\\":1,\\\\\\"tms_TeamMembership\\\\\\":2,\\\\\\"tms_User\\\\\\":32}\\"},\\"type\\":\\"LOG\\"}",
  "Skipped 0 records",
  "Errored 0 records",
]
`;
