// Jest Snapshot v1, https://goo.gl/fbAQLP

exports[`octopus basic test process records from all streams 1`] = `
Array [
  "Processed 12 records",
  "Processed records by stream: {\\\\\\"mytestsource__octopus__deployments\\\\\\":6,\\\\\\"mytestsource__octopus__releases\\\\\\":6}\\"},\\"type\\":\\"LOG\\"}",
  "Would write 12 records",
  "Would write records by model: {\\\\\\"cicd_Deployment\\\\\\":6,\\\\\\"cicd_Release\\\\\\":6}\\"},\\"type\\":\\"LOG\\"}",
  "Skipped 0 records",
  "Errored 0 records",
]
`;
