// Jest Snapshot v1, https://goo.gl/fbAQLP

exports[`semaphoreci basic test process records from all streams 1`] = `
Array [
  "Processed 6 records",
  "Processed records by stream: {\\\\\\"mytestsource__semaphoreci__pipelines\\\\\\":5,\\\\\\"mytestsource__semaphoreci__projects\\\\\\":1}\\"},\\"type\\":\\"LOG\\"}",
  "Would write 37 records",
  "Would write records by model: {\\\\\\"cicd_Build\\\\\\":5,\\\\\\"cicd_BuildCommitAssociation\\\\\\":5,\\\\\\"cicd_BuildStep\\\\\\":20,\\\\\\"cicd_Organization\\\\\\":1,\\\\\\"cicd_Pipeline\\\\\\":5,\\\\\\"cicd_Repository\\\\\\":1}\\"},\\"type\\":\\"LOG\\"}",
  "Skipped 0 records",
  "Errored 0 records",
]
`;
