// Jest Snapshot v1, https://goo.gl/fbAQLP

exports[`shortcut basic test process records from all streams 1`] = `
Array [
  "Processed 9 records",
  "Processed records by stream: {\\\\\\"mytestsource__shortcut__epics\\\\\\":1,\\\\\\"mytestsource__shortcut__iterations\\\\\\":2,\\\\\\"mytestsource__shortcut__members\\\\\\":1,\\\\\\"mytestsource__shortcut__projects\\\\\\":3,\\\\\\"mytestsource__shortcut__stories\\\\\\":2}\\"},\\"type\\":\\"LOG\\"}",
  "Would write 25 records",
  "Would write records by model: {\\\\\\"tms_Epic\\\\\\":1,\\\\\\"tms_Label\\\\\\":1,\\\\\\"tms_Project\\\\\\":3,\\\\\\"tms_Sprint\\\\\\":2,\\\\\\"tms_Task\\\\\\":4,\\\\\\"tms_TaskBoard\\\\\\":3,\\\\\\"tms_TaskBoardProjectRelationship\\\\\\":3,\\\\\\"tms_TaskBoardRelationship\\\\\\":2,\\\\\\"tms_TaskDependency\\\\\\":2,\\\\\\"tms_TaskProjectRelationship\\\\\\":2,\\\\\\"tms_TaskTag\\\\\\":1,\\\\\\"tms_User\\\\\\":1}\\"},\\"type\\":\\"LOG\\"}",
  "Skipped 0 records",
  "Errored 0 records",
]
`;
