// Jest Snapshot v1, https://goo.gl/fbAQLP

exports[`squadcast basic test process records from all streams 1`] = `
Array [
  "Processed 9 records",
  "Processed records by stream: {\\\\\\"mytestsource__squadcast__events\\\\\\":3,\\\\\\"mytestsource__squadcast__incidents\\\\\\":4,\\\\\\"mytestsource__squadcast__services\\\\\\":1,\\\\\\"mytestsource__squadcast__users\\\\\\":1}\\"},\\"type\\":\\"LOG\\"}",
  "Would write 19 records",
  "Would write records by model: {\\\\\\"compute_Application\\\\\\":1,\\\\\\"ims_Incident\\\\\\":4,\\\\\\"ims_IncidentApplicationImpact\\\\\\":4,\\\\\\"ims_IncidentEvent\\\\\\":3,\\\\\\"ims_IncidentTag\\\\\\":3,\\\\\\"ims_Label\\\\\\":3,\\\\\\"ims_User\\\\\\":1}\\"},\\"type\\":\\"LOG\\"}",
  "Skipped 0 records",
  "Errored 0 records",
]
`;
