// Jest Snapshot v1, https://goo.gl/fbAQLP

exports[`testrails basic test process records from all streams 1`] = `
Array [
  "Processed 12 records",
  "Processed records by stream: {\\\\\\"mytestsource__testrails__cases\\\\\\":4,\\\\\\"mytestsource__testrails__results\\\\\\":4,\\\\\\"mytestsource__testrails__runs\\\\\\":2,\\\\\\"mytestsource__testrails__suites\\\\\\":2}\\"},\\"type\\":\\"LOG\\"}",
  "Would write 16 records",
  "Would write records by model: {\\\\\\"qa_TestCase\\\\\\":4,\\\\\\"qa_TestCaseResult\\\\\\":4,\\\\\\"qa_TestExecution\\\\\\":2,\\\\\\"qa_TestSuite\\\\\\":2,\\\\\\"qa_TestSuiteTestCaseAssociation\\\\\\":4}\\"},\\"type\\":\\"LOG\\"}",
  "Skipped 0 records",
  "Errored 0 records",
]
`;
