// Jest Snapshot v1, https://goo.gl/fbAQLP

exports[`index reads local spreadsheet 1`] = `
Array [
  Object {
    "id": "test_spreadsheet_sheet1_0",
    "row": Object {
      "Age": 28,
      "Country": "USA",
      "Name": "John",
      "Occupation": "Engineer",
      "Salary": 75000,
    },
    "sheetId": "test_spreadsheet",
    "sheetName": "Sheet1",
  },
  Object {
    "id": "test_spreadsheet_sheet1_1",
    "row": Object {
      "Age": 32,
      "Country": "Canada",
      "Name": "Emily",
      "Occupation": "Designer",
      "Salary": 62000,
    },
    "sheetId": "test_spreadsheet",
    "sheetName": "Sheet1",
  },
  Object {
    "id": "test_spreadsheet_sheet1_2",
    "row": Object {
      "Age": 45,
      "Country": "UK",
      "Name": "Michael",
      "Occupation": "Manager",
      "Salary": 95000,
    },
    "sheetId": "test_spreadsheet",
    "sheetName": "Sheet1",
  },
  Object {
    "id": "test_spreadsheet_sheet1_3",
    "row": Object {
      "Age": 23,
      "Country": "Germany",
      "Name": "Sara",
      "Occupation": "Student",
      "Salary": 0,
    },
    "sheetId": "test_spreadsheet",
    "sheetName": "Sheet1",
  },
  Object {
    "id": "test_spreadsheet_sheet1_4",
    "row": Object {
      "Age": 35,
      "Country": "France",
      "Name": "Daniel",
      "Occupation": "Writer",
      "Salary": 42000,
    },
    "sheetId": "test_spreadsheet",
    "sheetName": "Sheet1",
  },
  Object {
    "id": "test_spreadsheet_sheet1_5",
    "row": Object {
      "Age": 29,
      "Country": "Australia",
      "Name": "Jessica",
      "Occupation": "Doctor",
      "Salary": 120000,
    },
    "sheetId": "test_spreadsheet",
    "sheetName": "Sheet1",
  },
  Object {
    "id": "test_spreadsheet_sheet1_6",
    "row": Object {
      "Age": 31,
      "Country": "Spain",
      "Name": "Alex",
      "Occupation": "Teacher",
      "Salary": 52000,
    },
    "sheetId": "test_spreadsheet",
    "sheetName": "Sheet1",
  },
  Object {
    "id": "test_spreadsheet_sheet1_7",
    "row": Object {
      "Age": 27,
      "Country": "Italy",
      "Name": "Olivia",
      "Occupation": "Artist",
      "Salary": 38000,
    },
    "sheetId": "test_spreadsheet",
    "sheetName": "Sheet1",
  },
  Object {
    "id": "test_spreadsheet_sheet1_8",
    "row": Object {
      "Age": 40,
      "Country": "Japan",
      "Name": "William",
      "Occupation": "Scientist",
      "Salary": 80000,
    },
    "sheetId": "test_spreadsheet",
    "sheetName": "Sheet1",
  },
  Object {
    "id": "test_spreadsheet_sheet1_9",
    "row": Object {
      "Age": 22,
      "Country": "Brazil",
      "Name": "Sophia",
      "Occupation": "Programmer",
      "Salary": 60000,
    },
    "sheetId": "test_spreadsheet",
    "sheetName": "Sheet1",
  },
]
`;
