// Jest Snapshot v1, https://goo.gl/fbAQLP

exports[`streams findings - full refresh 1`] = `
[
  {
    "asset": {
      "description": "",
      "id": "ast_1",
      "name": "faros-ai/airbyte-connectors",
      "service": "GitHub",
      "type": "Code repository",
    },
    "dbUpdatedAt": "2024-10-17T09:48:43.407288+00:00",
    "dismissReason": "",
    "dismissedAt": "2024-10-17T09:48:43.405061+00:00",
    "dueDate": "2024-10-30T06:55:39+00:00",
    "key": "fin_1",
    "line": 117,
    "projects": "["connectors"]",
    "scannerCreatedAt": "2024-09-30T06:55:39+00:00",
    "scannerDismissedAt": "2024-10-17T09:48:43.405055+00:00",
    "scannerStatus": "closed",
    "sourceFilename": "jira.ts",
    "sourcePath": "https://github.com/faros-ai/airbyte-connectors/blob/main/sources/jira-source/src/jira.ts",
    "status": "closed",
    "toolName": "codeql",
    "vulnerability": {
      "cve": "",
      "fixAvailable": true,
      "ghsa": "",
      "score": 9,
      "severity": "high",
    },
    "vulnerableVersion": "",
  },
  {
    "asset": {
      "description": "",
      "id": "ast_2",
      "name": "faros-ai/faros-community-edition",
      "service": "GitHub",
      "type": "Code repository",
    },
    "dbUpdatedAt": "2024-11-13T00:39:07.533502+00:00",
    "dismissReason": "",
    "dismissedAt": "2024-11-13T00:39:07.533502+00:00",
    "dueDate": "2024-11-14T01:22:04+00:00",
    "key": "fin_2",
    "line": 118,
    "projects": "["community-edition"]",
    "scannerCreatedAt": "2024-11-07T01:22:04+00:00",
    "scannerDismissedAt": "2024-11-13T00:39:07.533502+00:00",
    "scannerStatus": "closed",
    "sourceFilename": "package-lock.json",
    "sourcePath": "https://github.com/faros-ai/faros-community-edition/blob/main/docker-extension/ui/package-lock.json",
    "status": "closed",
    "toolName": "github dependabot",
    "vulnerability": {
      "cve": "CVE-2024-21538",
      "fixAvailable": false,
      "ghsa": "GHSA-3xgq-45jj-v275",
      "score": 9.5,
      "severity": "high",
    },
    "vulnerableVersion": ">= 2.12|^3.0,< 3.0.0",
  },
]
`;

exports[`streams findings - github has no timestamp filtering 1`] = `
[
  {
    "asset": {
      "description": "",
      "id": "ast_1",
      "name": "faros-ai/airbyte-connectors",
      "service": "GitHub",
      "type": "Code repository",
    },
    "dbUpdatedAt": "2024-10-17T09:48:43.407288+00:00",
    "dismissReason": "",
    "dismissedAt": "2024-10-17T09:48:43.405061+00:00",
    "dueDate": "2024-10-30T06:55:39+00:00",
    "key": "fin_1",
    "line": 117,
    "projects": "["connectors"]",
    "scannerCreatedAt": "2024-09-30T06:55:39+00:00",
    "scannerDismissedAt": "2024-10-17T09:48:43.405055+00:00",
    "scannerStatus": "closed",
    "sourceFilename": "jira.ts",
    "sourcePath": "https://github.com/faros-ai/airbyte-connectors/blob/main/sources/jira-source/src/jira.ts",
    "status": "closed",
    "toolName": "codeql",
    "vulnerability": {
      "cve": "",
      "fixAvailable": true,
      "ghsa": "",
      "score": 9,
      "severity": "high",
    },
    "vulnerableVersion": "",
  },
  {
    "asset": {
      "description": "",
      "id": "ast_2",
      "name": "faros-ai/faros-community-edition",
      "service": "GitHub",
      "type": "Code repository",
    },
    "dbUpdatedAt": "2024-11-13T00:39:07.533502+00:00",
    "dismissReason": "",
    "dismissedAt": "2024-11-13T00:39:07.533502+00:00",
    "dueDate": "2024-11-14T01:22:04+00:00",
    "key": "fin_2",
    "line": 118,
    "projects": "["community-edition"]",
    "scannerCreatedAt": "2024-11-07T01:22:04+00:00",
    "scannerDismissedAt": "2024-11-13T00:39:07.533502+00:00",
    "scannerStatus": "closed",
    "sourceFilename": "package-lock.json",
    "sourcePath": "https://github.com/faros-ai/faros-community-edition/blob/main/docker-extension/ui/package-lock.json",
    "status": "closed",
    "toolName": "github dependabot",
    "vulnerability": {
      "cve": "CVE-2024-21538",
      "fixAvailable": false,
      "ghsa": "GHSA-3xgq-45jj-v275",
      "score": 9.5,
      "severity": "high",
    },
    "vulnerableVersion": ">= 2.12|^3.0,< 3.0.0",
  },
]
`;

exports[`streams findings - incremental 1`] = `
[
  {
    "asset": {
      "description": "",
      "id": "ast_1",
      "name": "faros-ai/airbyte-connectors",
      "service": "GitHub",
      "type": "Code repository",
    },
    "dbUpdatedAt": "2024-10-17T09:48:43.407288+00:00",
    "dismissReason": "",
    "dismissedAt": "2024-10-17T09:48:43.405061+00:00",
    "dueDate": "2024-10-30T06:55:39+00:00",
    "key": "fin_1",
    "line": 117,
    "projects": "["connectors"]",
    "scannerCreatedAt": "2024-09-30T06:55:39+00:00",
    "scannerDismissedAt": "2024-10-17T09:48:43.405055+00:00",
    "scannerStatus": "closed",
    "sourceFilename": "jira.ts",
    "sourcePath": "https://github.com/faros-ai/airbyte-connectors/blob/main/sources/jira-source/src/jira.ts",
    "status": "closed",
    "toolName": "codeql",
    "vulnerability": {
      "cve": "",
      "fixAvailable": true,
      "ghsa": "",
      "score": 9,
      "severity": "high",
    },
    "vulnerableVersion": "",
  },
  {
    "asset": {
      "description": "",
      "id": "ast_2",
      "name": "faros-ai/faros-community-edition",
      "service": "GitHub",
      "type": "Code repository",
    },
    "dbUpdatedAt": "2024-11-13T00:39:07.533502+00:00",
    "dismissReason": "",
    "dismissedAt": "2024-11-13T00:39:07.533502+00:00",
    "dueDate": "2024-11-14T01:22:04+00:00",
    "key": "fin_2",
    "line": 118,
    "projects": "["community-edition"]",
    "scannerCreatedAt": "2024-11-07T01:22:04+00:00",
    "scannerDismissedAt": "2024-11-13T00:39:07.533502+00:00",
    "scannerStatus": "closed",
    "sourceFilename": "package-lock.json",
    "sourcePath": "https://github.com/faros-ai/faros-community-edition/blob/main/docker-extension/ui/package-lock.json",
    "status": "closed",
    "toolName": "github dependabot",
    "vulnerability": {
      "cve": "CVE-2024-21538",
      "fixAvailable": false,
      "ghsa": "GHSA-3xgq-45jj-v275",
      "score": 9.5,
      "severity": "high",
    },
    "vulnerableVersion": ">= 2.12|^3.0,< 3.0.0",
  },
]
`;
