// Jest Snapshot v1, https://goo.gl/fbAQLP

exports[`index check connection - no access token 1`] = `
Array [
  false,
  [VError: Please provide an access token],
]
`;

exports[`index streams - builds with coverage 1`] = `
Array [
  Object {
    "_links": Object {
      "badge": Object {
        "href": "https://dev.azure.com/huongkstn/a432baaf-0264-4311-b613-087a2e7931f8/_apis/build/status/2",
      },
      "self": Object {
        "href": "https://dev.azure.com/huongkstn/a432baaf-0264-4311-b613-087a2e7931f8/_apis/build/Builds/24",
      },
      "sourceVersionDisplayUri": Object {
        "href": "https://dev.azure.com/huongkstn/a432baaf-0264-4311-b613-087a2e7931f8/_apis/build/builds/24/sources",
      },
      "timeline": Object {
        "href": "https://dev.azure.com/huongkstn/a432baaf-0264-4311-b613-087a2e7931f8/_apis/build/builds/24/Timeline",
      },
      "web": Object {
        "href": "https://dev.azure.com/huongkstn/a432baaf-0264-4311-b613-087a2e7931f8/_build/results?buildId=24",
      },
    },
    "artifacts": Array [],
    "buildNumber": "20220214.1",
    "buildNumberRevision": 1,
    "coverageStats": Array [
      Object {
        "covered": 446,
        "delta": 0,
        "isDeltaAvailable": false,
        "label": "Lines",
        "position": 4,
        "total": 708,
      },
    ],
    "definition": Object {
      "drafts": Array [],
      "id": 2,
      "name": "coonglinh.medee_dms",
      "path": "\\",
      "project": Object {
        "description": "tesst",
        "id": "a432baaf-0264-4311-b613-087a2e7931f8",
        "lastUpdateTime": "2022-02-10T07:00:49.76Z",
        "name": "devcube",
        "revision": 12,
        "state": "wellFormed",
        "url": "https://dev.azure.com/huongkstn/_apis/projects/a432baaf-0264-4311-b613-087a2e7931f8",
        "visibility": "private",
      },
      "queueStatus": "enabled",
      "revision": 1,
      "type": "build",
      "uri": "vstfs:///Build/Definition/2",
      "url": "https://dev.azure.com/huongkstn/a432baaf-0264-4311-b613-087a2e7931f8/_apis/build/Definitions/2?revision=1",
    },
    "finishTime": "2022-02-14T02:35:38.7767368Z",
    "id": 24,
    "jobs": Array [
      Object {
        "attempt": 1,
        "changeId": 9,
        "currentOperation": null,
        "details": null,
        "errorCount": 1,
        "finishTime": null,
        "id": "b44a04b4-b5b2-595a-77f4-4561138d2268",
        "identifier": "A.__default",
        "issues": Array [
          Object {
            "category": null,
            "message": "No hosted parallelism has been purchased or granted. To request a free parallelism grant, please fill out the following form https://aka.ms/azpipelines-parallelism-request",
            "type": "error",
          },
        ],
        "lastModified": "0001-01-01T00:00:00",
        "log": null,
        "name": "A",
        "order": 1,
        "parentId": "67c760f8-35f0-533f-1d24-8e8c3788c96d",
        "percentComplete": null,
        "previousAttempts": Array [],
        "queueId": 9,
        "result": "failed",
        "resultCode": null,
        "startTime": null,
        "state": "completed",
        "task": null,
        "type": "Job",
        "url": null,
        "warningCount": 0,
        "workerName": null,
      },
      Object {
        "attempt": 1,
        "changeId": 10,
        "currentOperation": null,
        "details": null,
        "errorCount": 1,
        "finishTime": null,
        "id": "b79b690b-82d1-5750-8a0a-452d70195841",
        "identifier": "B.__default",
        "issues": Array [
          Object {
            "category": null,
            "message": "No hosted parallelism has been purchased or granted. To request a free parallelism grant, please fill out the following form https://aka.ms/azpipelines-parallelism-request",
            "type": "error",
          },
        ],
        "lastModified": "0001-01-01T00:00:00",
        "log": null,
        "name": "B",
        "order": 1,
        "parentId": "c8ede3e9-af9a-5ef1-8d3f-38453e19c638",
        "percentComplete": null,
        "previousAttempts": Array [],
        "queueId": 9,
        "result": "failed",
        "resultCode": null,
        "startTime": null,
        "state": "completed",
        "task": null,
        "type": "Job",
        "url": null,
        "warningCount": 0,
        "workerName": null,
      },
    ],
    "keepForever": false,
    "lastChangedBy": Object {
      "_links": Object {
        "avatar": Object {
          "href": "https://dev.azure.com/huongkstn/_apis/GraphProfile/MemberAvatars/s2s.MDAwMDAwMDItMDAwMC04ODg4LTgwMDAtMDAwMDAwMDAwMDAwQDJjODk1OTA4LTA0ZTAtNDk1Mi04OWZkLTU0YjAwNDZkNjI4OA",
        },
      },
      "descriptor": "s2s.MDAwMDAwMDItMDAwMC04ODg4LTgwMDAtMDAwMDAwMDAwMDAwQDJjODk1OTA4LTA0ZTAtNDk1Mi04OWZkLTU0YjAwNDZkNjI4OA",
      "displayName": "Microsoft.VisualStudio.Services.TFS",
      "id": "00000002-0000-8888-8000-000000000000",
      "imageUrl": "https://dev.azure.com/huongkstn/_apis/GraphProfile/MemberAvatars/s2s.MDAwMDAwMDItMDAwMC04ODg4LTgwMDAtMDAwMDAwMDAwMDAwQDJjODk1OTA4LTA0ZTAtNDk1Mi04OWZkLTU0YjAwNDZkNjI4OA",
      "uniqueName": "00000002-0000-8888-8000-000000000000@2c895908-04e0-4952-89fd-54b0046d6288",
      "url": "https://spsprodcus5.vssps.visualstudio.com/Adc21dd72-1c92-418a-bea3-e51c7a562f87/_apis/Identities/00000002-0000-8888-8000-000000000000",
    },
    "lastChangedDate": "2022-02-14T02:35:38.867Z",
    "logs": Object {
      "id": 0,
      "type": "Container",
      "url": "https://dev.azure.com/huongkstn/a432baaf-0264-4311-b613-087a2e7931f8/_apis/build/builds/24/logs",
    },
    "orchestrationPlan": Object {
      "planId": "d5fd24b3-2524-45b8-b641-a19bee1a8308",
    },
    "plans": Array [
      Object {
        "planId": "d5fd24b3-2524-45b8-b641-a19bee1a8308",
      },
    ],
    "priority": "normal",
    "project": Object {
      "description": "tesst",
      "id": "a432baaf-0264-4311-b613-087a2e7931f8",
      "lastUpdateTime": "2022-02-10T07:00:49.76Z",
      "name": "devcube",
      "revision": 12,
      "state": "wellFormed",
      "url": "https://dev.azure.com/huongkstn/_apis/projects/a432baaf-0264-4311-b613-087a2e7931f8",
      "visibility": "private",
    },
    "properties": Object {},
    "queue": Object {
      "id": 9,
      "name": "Azure Pipelines",
      "pool": Object {
        "id": 9,
        "isHosted": true,
        "name": "Azure Pipelines",
      },
    },
    "queueTime": "2022-02-14T02:35:32.5194025Z",
    "reason": "pullRequest",
    "repository": Object {
      "checkoutSubmodules": false,
      "clean": null,
      "id": "coonglinh/medee_dms",
      "type": "Bitbucket",
    },
    "requestedBy": Object {
      "_links": Object {
        "avatar": Object {
          "href": "https://dev.azure.com/huongkstn/_apis/GraphProfile/MemberAvatars/msa.ODcyNWQzMjUtODkyNi03NTE0LWE1NjMtODcxNzQ1MWNlNzk5",
        },
      },
      "descriptor": "msa.ODcyNWQzMjUtODkyNi03NTE0LWE1NjMtODcxNzQ1MWNlNzk5",
      "displayName": "tran ngoc huong",
      "id": "8725d325-8926-6514-a563-8717451ce799",
      "imageUrl": "https://dev.azure.com/huongkstn/_apis/GraphProfile/MemberAvatars/msa.ODcyNWQzMjUtODkyNi03NTE0LWE1NjMtODcxNzQ1MWNlNzk5",
      "uniqueName": "huongkstn@gmail.com",
      "url": "https://spsprodcus5.vssps.visualstudio.com/Adc21dd72-1c92-418a-bea3-e51c7a562f87/_apis/Identities/8725d325-8926-6514-a563-8717451ce799",
    },
    "requestedFor": Object {
      "_links": Object {
        "avatar": Object {
          "href": "https://dev.azure.com/huongkstn/_apis/GraphProfile/MemberAvatars/msa.ODcyNWQzMjUtODkyNi03NTE0LWE1NjMtODcxNzQ1MWNlNzk5",
        },
      },
      "descriptor": "msa.ODcyNWQzMjUtODkyNi03NTE0LWE1NjMtODcxNzQ1MWNlNzk5",
      "displayName": "tran ngoc huong",
      "id": "8725d325-8926-6514-a563-8717451ce799",
      "imageUrl": "https://dev.azure.com/huongkstn/_apis/GraphProfile/MemberAvatars/msa.ODcyNWQzMjUtODkyNi03NTE0LWE1NjMtODcxNzQ1MWNlNzk5",
      "uniqueName": "huongkstn@gmail.com",
      "url": "https://spsprodcus5.vssps.visualstudio.com/Adc21dd72-1c92-418a-bea3-e51c7a562f87/_apis/Identities/8725d325-8926-6514-a563-8717451ce799",
    },
    "result": "succeeded",
    "retainedByRelease": false,
    "sourceBranch": "refs/heads/master",
    "sourceVersion": "d6ef20d64886947134ea0bcdcadce24f8b7823ff",
    "startTime": "2022-02-14T02:35:38.7767368Z",
    "status": "completed",
    "tags": Array [],
    "triggerInfo": Object {},
    "triggeredByBuild": null,
    "uri": "vstfs:///Build/Build/24",
    "url": "https://dev.azure.com/huongkstn/a432baaf-0264-4311-b613-087a2e7931f8/_apis/build/Builds/24",
    "validationResults": Array [],
  },
]
`;
